// Jest Snapshot v1, https://goo.gl/fbAQLP

exports[`<Intro/> Snapshot 1`] = `
<Intro>
  <Intro__Container>
    <StyledComponent
      forwardedComponent={
        Object {
          "$$typeof": Symbol(react.forward_ref),
          "attrs": Array [],
          "componentStyle": ComponentStyle {
            "componentId": "Intro__Container-n2wl2x-0",
            "isStatic": false,
            "lastClassName": "gCFbfp",
            "rules": Array [
              "width:100%;padding-left:25px;display:flex;align-items:flex-start;margin-bottom:125px;@media ",
              "(max-width: 768px)",
              "{margin-bottom:50px;padding-left:0;width:95%;margin-left:auto;margin-right:auto;}",
            ],
          },
          "displayName": "Intro__Container",
          "foldedComponentIds": Array [],
          "render": [Function],
          "styledComponentId": "Intro__Container-n2wl2x-0",
          "target": "aside",
          "toString": [Function],
          "usesTheme": false,
          "warnTooManyClasses": [Function],
          "withComponent": [Function],
        }
      }
      forwardedRef={null}
    >
      <aside
        className="Intro__Container-n2wl2x-0 gCFbfp"
      >
        <Intro__CircleImg
          alt="circle image Emiel Van Severen"
          src=""
        >
          <StyledComponent
            alt="circle image Emiel Van Severen"
            forwardedComponent={
              Object {
                "$$typeof": Symbol(react.forward_ref),
                "attrs": Array [],
                "componentStyle": ComponentStyle {
                  "componentId": "Intro__CircleImg-n2wl2x-1",
                  "isStatic": false,
                  "lastClassName": "huXkvm",
                  "rules": Array [
                    "display:inline-block;width:75px;height:75px;border-radius:50%;",
                  ],
                },
                "displayName": "Intro__CircleImg",
                "foldedComponentIds": Array [],
                "render": [Function],
                "styledComponentId": "Intro__CircleImg-n2wl2x-1",
                "target": "img",
                "toString": [Function],
                "usesTheme": false,
                "warnTooManyClasses": [Function],
                "withComponent": [Function],
              }
            }
            forwardedRef={null}
            src=""
          >
            <img
              alt="circle image Emiel Van Severen"
              className="Intro__CircleImg-n2wl2x-1 huXkvm"
              src=""
            />
          </StyledComponent>
        </Intro__CircleImg>
        <Intro__TextContainer>
          <StyledComponent
            forwardedComponent={
              Object {
                "$$typeof": Symbol(react.forward_ref),
                "attrs": Array [],
                "componentStyle": ComponentStyle {
                  "componentId": "Intro__TextContainer-n2wl2x-2",
                  "isStatic": false,
                  "lastClassName": "jhaMeW",
                  "rules": Array [
                    "margin-left:25px;height:100%;display:inline-flex;justify-content:center;flex-direction:column;h1{font-size:1.2rem;}@media ",
                    "(max-width: 576px)",
                    "{margin-left:10px;}",
                  ],
                },
                "displayName": "Intro__TextContainer",
                "foldedComponentIds": Array [],
                "render": [Function],
                "styledComponentId": "Intro__TextContainer-n2wl2x-2",
                "target": "div",
                "toString": [Function],
                "usesTheme": false,
                "warnTooManyClasses": [Function],
                "withComponent": [Function],
              }
            }
            forwardedRef={null}
          >
            <div
              className="Intro__TextContainer-n2wl2x-2 jhaMeW"
            >
              <h1>
                Emiel Van Severen
              </h1>
              <p>
                If you can´t explain it simply, you don´t understand it well enough.
              </p>
              <Link
                internal={false}
                to="https://github.com/emielvanseveren"
              >
                <Link__ExternalLink
                  href="https://github.com/emielvanseveren"
                  target="_blank"
                >
                  <StyledComponent
                    forwardedComponent={
                      Object {
                        "$$typeof": Symbol(react.forward_ref),
                        "attrs": Array [],
                        "componentStyle": ComponentStyle {
                          "componentId": "Link__ExternalLink-y16ojc-1",
                          "isStatic": false,
                          "lastClassName": "iJsnQe",
                          "rules": Array [
                            "text-decoration-line:underline;text-decoration-color:",
                            [Function],
                            ";color:",
                            [Function],
                            ";font-size:110%;@media ",
                            "(max-width: 768px)",
                            "{font-size:90%;}",
                          ],
                        },
                        "displayName": "Link__ExternalLink",
                        "foldedComponentIds": Array [],
                        "render": [Function],
                        "styledComponentId": "Link__ExternalLink-y16ojc-1",
                        "target": "a",
                        "toString": [Function],
                        "usesTheme": false,
                        "warnTooManyClasses": [Function],
                        "withComponent": [Function],
                      }
                    }
                    forwardedRef={null}
                    href="https://github.com/emielvanseveren"
                    target="_blank"
                  >
                    <a
                      className="Link__ExternalLink-y16ojc-1 iJsnQe"
                      href="https://github.com/emielvanseveren"
                      target="_blank"
                    >
                      github.com/emielvanseveren
                    </a>
                  </StyledComponent>
                </Link__ExternalLink>
              </Link>
            </div>
          </StyledComponent>
        </Intro__TextContainer>
      </aside>
    </StyledComponent>
  </Intro__Container>
</Intro>
`;
